// Vitest Snapshot v1, https://vitest.dev/guide/snapshot.html

exports[`Visitor 1`] = `
{
  "body": [
    {
      "body": {
        "body": [],
        "end": 169,
        "start": 170,
        "type": "class-body",
      },
      "end": 170,
      "id": "To",
      "start": 157,
      "type": "zen-class",
    },
    {
      "body": {
        "body": [
          {
            "end": 275,
            "parameterList": {
              "end": 271,
              "params": [
                {
                  "end": 261,
                  "id": "a",
                  "pType": {
                    "end": 261,
                    "name": "string",
                    "start": 256,
                    "type": "type-literal",
                  },
                  "start": 251,
                  "type": "parameter",
                },
                {
                  "end": 271,
                  "id": "b",
                  "pType": {
                    "end": 271,
                    "name": "int",
                    "start": 269,
                    "type": "type-literal",
                  },
                  "start": 264,
                  "type": "parameter",
                },
              ],
              "start": 251,
              "type": "parameter-list",
            },
            "start": 236,
            "type": "zen-constructor",
          },
          {
            "end": 298,
            "id": "b",
            "start": 283,
            "type": "var",
            "vType": {
              "end": 297,
              "name": "string",
              "start": 292,
              "type": "type-literal",
            },
          },
          {
            "end": 331,
            "id": "c",
            "paramList": {
              "end": 327,
              "params": [
                {
                  "end": 327,
                  "id": "c",
                  "pType": {
                    "end": 327,
                    "name": "string",
                    "start": 322,
                    "type": "type-literal",
                  },
                  "start": 317,
                  "type": "parameter",
                },
              ],
              "start": 317,
              "type": "parameter-list",
            },
            "start": 306,
            "type": "function",
          },
        ],
        "end": 336,
        "start": 229,
        "type": "class-body",
      },
      "end": 337,
      "id": "TheClass",
      "start": 210,
      "type": "zen-class",
    },
  ],
  "end": 337,
  "start": 0,
  "type": "program",
}
`;
